// Jest Snapshot v1, https://goo.gl/fbAQLP

exports[`Footer should match snapshot 1`] = `
<div>
  <footer
    class="fixed bottom-0 w-full bg-background/60 backdrop-blur"
  >
    <div
      class="flex items-center justify-between h-14 container mx-auto px-4"
    >
      <a
        class="inline-flex items-center justify-center gap-2 whitespace-nowrap rounded-md text-sm font-medium ring-offset-background transition-colors focus-visible:outline-none focus-visible:ring-2 focus-visible:ring-ring focus-visible:ring-offset-2 disabled:pointer-events-none disabled:opacity-50 [&_svg]:pointer-events-none [&_svg]:size-4 [&_svg]:shrink-0 text-primary underline-offset-4 hover:underline h-10 p-0"
        href="https://luisgrizzo.dev"
        target="_blank"
      >
        Developed by Luís Grizzo
      </a>
      <span
        class="text-sm text-muted-foreground geist-mono"
      >
        2024
      </span>
    </div>
  </footer>
</div>
`;
