// Jest Snapshot v1, https://goo.gl/fbAQLP

exports[`Home should match snapshot 1`] = `
<div>
  <main
    class="flex flex-col items-center justify-center gap-8 h-dvh container mx-auto p-8"
  >
    <div
      class="flex items-center gap-4"
    >
      <img
        alt="Clear day icon"
        class="w-8 xs:w-9 sm:w-10 md:w-12 lg:w-[60px] xl:w-[72px] aspect-square"
        data-nimg="1"
        decoding="async"
        fetchpriority="high"
        height="40"
        src="/_next/image?url=%2Fimg.jpg&w=96&q=75"
        srcset="/_next/image?url=%2Fimg.jpg&w=48&q=75 1x, /_next/image?url=%2Fimg.jpg&w=96&q=75 2x"
        style="color: transparent;"
        width="40"
      />
      <h1
        class="text-2xl xs:text-3xl sm:text-4xl md:text-5xl lg:text-6xl xl:text-7xl"
      >
        Check Weather
      </h1>
    </div>
    <p
      class="text-base text-center"
    >
      Consult your local weather info!
    </p>
    <button
      class="flex items-center justify-center py-3 px-4 bg-neutral-100/60 border-1 border-neutral-600/10 rounded-lg hover:bg-neutral-200/60 transition-colors"
    >
      Let's start!
    </button>
    <img
      alt="Clear day icon"
      class="absolute top-[calc(76px_-_96px)] -left-24 w-52 aspect-square -z-50"
      data-nimg="1"
      decoding="async"
      height="40"
      loading="lazy"
      src="/_next/image?url=%2Fimg.jpg&w=96&q=75"
      srcset="/_next/image?url=%2Fimg.jpg&w=48&q=75 1x, /_next/image?url=%2Fimg.jpg&w=96&q=75 2x"
      style="color: transparent; opacity: 0; transform: translateY(-100px) rotate(-48deg) translateZ(0);"
      width="40"
    />
    <img
      alt="Weather mix icon"
      class="hidden md:block absolute top-[calc(76px_-_96px)] left-1/2 w-52 aspect-square -z-50"
      data-nimg="1"
      decoding="async"
      height="40"
      loading="lazy"
      src="/_next/image?url=%2Fimg.jpg&w=96&q=75"
      srcset="/_next/image?url=%2Fimg.jpg&w=48&q=75 1x, /_next/image?url=%2Fimg.jpg&w=96&q=75 2x"
      style="color: transparent; opacity: 0; transform: translateY(-100px) translateX(-50%) translateZ(0);"
      width="40"
    />
    <img
      alt="Mist icon"
      class="absolute top-[calc(76px_-_96px)] -right-24 w-52 aspect-square -z-50"
      data-nimg="1"
      decoding="async"
      height="40"
      loading="lazy"
      src="/_next/image?url=%2Fimg.jpg&w=96&q=75"
      srcset="/_next/image?url=%2Fimg.jpg&w=48&q=75 1x, /_next/image?url=%2Fimg.jpg&w=96&q=75 2x"
      style="color: transparent; opacity: 0; transform: translateY(-100px) rotate(24deg) translateZ(0);"
      width="40"
    />
    <img
      alt="Airwave icon"
      class="hidden md:block absolute top-1/2 -left-24 w-52 aspect-square -z-50"
      data-nimg="1"
      decoding="async"
      height="40"
      loading="lazy"
      src="/_next/image?url=%2Fimg.jpg&w=96&q=75"
      srcset="/_next/image?url=%2Fimg.jpg&w=48&q=75 1x, /_next/image?url=%2Fimg.jpg&w=96&q=75 2x"
      style="color: transparent; opacity: 0; transform: translateX(-100px) translateY(-50%) translateZ(0);"
      width="40"
    />
    <img
      alt="Thunderstorm icon"
      class="hidden md:block absolute top-1/2 -right-24 w-52 aspect-square -z-50"
      data-nimg="1"
      decoding="async"
      height="40"
      loading="lazy"
      src="/_next/image?url=%2Fimg.jpg&w=96&q=75"
      srcset="/_next/image?url=%2Fimg.jpg&w=48&q=75 1x, /_next/image?url=%2Fimg.jpg&w=96&q=75 2x"
      style="color: transparent; opacity: 0; transform: translateX(100px) translateY(-50%) translateZ(0);"
      width="40"
    />
    <img
      alt="Foggy icon"
      class="absolute bottom-[calc(76px_-_96px)] -left-24 w-52 aspect-square -z-50"
      data-nimg="1"
      decoding="async"
      height="40"
      loading="lazy"
      src="/_next/image?url=%2Fimg.jpg&w=96&q=75"
      srcset="/_next/image?url=%2Fimg.jpg&w=48&q=75 1x, /_next/image?url=%2Fimg.jpg&w=96&q=75 2x"
      style="color: transparent; opacity: 0; transform: translateY(100px) rotate(24deg) translateZ(0);"
      width="40"
    />
    <img
      alt="Storm icon"
      class="hidden md:block absolute bottom-[calc(76px_-_96px)] left-1/2 w-52 aspect-square -z-50"
      data-nimg="1"
      decoding="async"
      height="40"
      loading="lazy"
      src="/_next/image?url=%2Fimg.jpg&w=96&q=75"
      srcset="/_next/image?url=%2Fimg.jpg&w=48&q=75 1x, /_next/image?url=%2Fimg.jpg&w=96&q=75 2x"
      style="color: transparent; opacity: 0; transform: translateY(100px) translateX(-50%) translateZ(0);"
      width="40"
    />
    <img
      alt="Clear night icon"
      class="absolute bottom-[calc(76px_-_96px)] -right-24 w-52 aspect-square -z-50"
      data-nimg="1"
      decoding="async"
      height="40"
      loading="lazy"
      src="/_next/image?url=%2Fimg.jpg&w=96&q=75"
      srcset="/_next/image?url=%2Fimg.jpg&w=48&q=75 1x, /_next/image?url=%2Fimg.jpg&w=96&q=75 2x"
      style="color: transparent; opacity: 0; transform: translateY(100px) rotate(-48deg) translateZ(0);"
      width="40"
    />
  </main>
</div>
`;
